
> employee-cards-platform@0.1.0 build
> next build

node.exe : ÔÜá 
Warning: Next.js 
inferred your 
workspace root, but it 
may not be correct.
En línea: 1 Carácter: 1
+ & "C:\Program 
Files\nodejs/node.exe" 
"C:\Program 
Files\nodejs/node_mo 
...
+ ~~~~~~~~~~~~~~~~~~~~~
~~~~~~~~~~~~~~~~~~~~~~~
~~~~~~~~~~~~~~~~~~~~~~~
~~
    + CategoryInfo     
         : NotSpecifi  
  ed: (ÔÜá Warning:    
 Ne...not be correc    
t.:String) [], Rem    
oteException
    + FullyQualifiedEr 
   rorId : NativeComm  
  andError
 
 We detected multiple 
lockfiles and selected 
the directory of C:\Use
rs\mauri\package-lock.j
son as the root 
directory.
 To silence this 
warning, set 
`turbopack.root` in 
your Next.js config, 
or consider removing 
one of the lockfiles 
if it's not needed.
   See https://nextjs.o
rg/docs/app/api-referen
ce/config/next-config-j
s/turbopack#root-direct
ory for more 
information.
 Detected additional 
lockfiles: 
   * C:\Users\mauri\.ge
mini\antigravity\scratc
h\employee-cards-platfo
rm\package-lock.json

Ôû▓ Next.js 16.1.6 (Turbopack)
- Environments: .env.local

  Creating an optimized production build ...

> Build error occurred
Error: Turbopack build 
failed with 1 errors:
./.gemini/antigravity/s
cratch/employee-cards-p
latform/src/app/(dashbo
ard)/dashboard/employee
s/EmployeeForm.tsx:4:1
Module not found: 
Can't resolve 
'../actions'
[0m [90m 2 |[39m
 [90m 3 |[39m 
[36mimport[39m { useA
ctionState[33m,[39m 
useState } 
[36mfrom[39m [32m're
act'[39m[33m;[39m
[31m[1m>[22m[39m[9
0m 4 |[39m 
[36mimport[39m { 
createEmployee } 
[36mfrom[39m [32m'..
/actions'[39m[33m;[3
9m
 [90m   |[39m [31m[
1m^[22m[39m[31m[1m^
[22m[39m[31m[1m^[2
2m[39m[31m[1m^[22m
[39m[31m[1m^[22m[39
m[31m[1m^[22m[39m[
31m[1m^[22m[39m[31m
[1m^[22m[39m[31m[1
m^[22m[39m[31m[1m^
[22m[39m[31m[1m^[22
m[39m[31m[1m^[22m[
39m[31m[1m^[22m[39m
[31m[1m^[22m[39m[3
1m[1m^[22m[39m[31m
[1m^[22m[39m[31m[1m
^[22m[39m[31m[1m^[
22m[39m[31m[1m^[22m
[39m[31m[1m^[22m[3
9m[31m[1m^[22m[39m
[31m[1m^[22m[39m[31
m[1m^[22m[39m[31m[
1m^[22m[39m[31m[1m^
[22m[39m[31m[1m^[2
2m[39m[31m[1m^[22m
[39m[31m[1m^[22m[39
m[31m[1m^[22m[39m[
31m[1m^[22m[39m[31m
[1m^[22m[39m[31m[1
m^[22m[39m[31m[1m^
[22m[39m[31m[1m^[22
m[39m[31m[1m^[22m[
39m[31m[1m^[22m[39m
[31m[1m^[22m[39m[3
1m[1m^[22m[39m[31m
[1m^[22m[39m[31m[1m
^[22m[39m[31m[1m^[
22m[39m[31m[1m^[22m
[39m[31m[1m^[22m[3
9m[31m[1m^[22m[39m
 [90m 5 |[39m 
[36mimport[39m { [33
mUsers[39m[33m,[39m 
[33mSave[39m[33m,[3
9m [33mX[39m } 
[36mfrom[39m [32m'lu
cide-react'[39m[33m;
[39m
 [90m 6 |[39m
 [90m 7 |[39m 
[36mexport[39m 
[36mdefault[39m 
[36mfunction[39m [33
mEmployeeForm[39m({ 
onCancel }[33m:[39m 
{ onCancel[33m:[39m 
() [33m=>[39m 
[36mvoid[39m }) {[0m



Import traces:
  Client Component 
Browser:
    ./.gemini/antigravi
ty/scratch/employee-car
ds-platform/src/app/(da
shboard)/dashboard/empl
oyees/EmployeeForm.tsx 
[Client Component 
Browser]
    ./.gemini/antigravi
ty/scratch/employee-car
ds-platform/src/app/(da
shboard)/dashboard/empl
oyees/EmployeeFormWrapp
er.tsx [Client 
Component Browser]
    ./.gemini/antigravi
ty/scratch/employee-car
ds-platform/src/app/(da
shboard)/dashboard/empl
oyees/EmployeeFormWrapp
er.tsx [Server 
Component]
    ./.gemini/antigravi
ty/scratch/employee-car
ds-platform/src/app/(da
shboard)/dashboard/empl
oyees/page.tsx [Server 
Component]

  Client Component SSR:
    ./.gemini/antigravi
ty/scratch/employee-car
ds-platform/src/app/(da
shboard)/dashboard/empl
oyees/EmployeeForm.tsx 
[Client Component SSR]
    ./.gemini/antigravi
ty/scratch/employee-car
ds-platform/src/app/(da
shboard)/dashboard/empl
oyees/EmployeeFormWrapp
er.tsx [Client 
Component SSR]
    ./.gemini/antigravi
ty/scratch/employee-car
ds-platform/src/app/(da
shboard)/dashboard/empl
oyees/EmployeeFormWrapp
er.tsx [Server 
Component]
    ./.gemini/antigravi
ty/scratch/employee-car
ds-platform/src/app/(da
shboard)/dashboard/empl
oyees/page.tsx [Server 
Component]

https://nextjs.org/docs
/messages/module-not-fo
und


    at <unknown> (./.ge
mini/antigravity/scratc
h/employee-cards-platfo
rm/src/app/(dashboard)/
dashboard/employees/Emp
loyeeForm.tsx:4:1)
    at <unknown> (https
://nextjs.org/docs/mess
ages/module-not-found)
